// Jest Snapshot v1, https://goo.gl/fbAQLP

exports[`snapshot of button 1`] = `
<a
  href="https://www.facebook.com/%22%3EFacebook"
>
  facebook
</a>
`;
