// Jest Snapshot v1, https://goo.gl/fbAQLP

exports[`snapshot of button 1`] = `
<button>
  Haha
</button>
`;
